// Jest Snapshot v1, https://goo.gl/fbAQLP

exports[`<Tube /> snapshot renders 1`] = `
<a
  className="MuiTypography-root MuiLink-root MuiLink-underlineHover makeStyles-link-2 MuiTypography-colorPrimary"
  href="/watch?v=1"
  onBlur={[Function]}
  onClick={[Function]}
  onFocus={[Function]}
>
  <div
    className="MuiPaper-root MuiCard-root makeStyles-root-1 MuiPaper-outlined"
  >
    <div
      className="MuiCardMedia-root makeStyles-media-3"
      style={
        Object {
          "backgroundImage": "url(\\"https://via.placeholder.com/256\\")",
        }
      }
      title="Title"
    />
    <div
      className="MuiCardContent-root makeStyles-content-4"
    >
      <div
        className="MuiCardHeader-root makeStyles-header-5"
      >
        <div
          className="MuiCardHeader-avatar"
        >
          <div
            aria-label="recipe"
            className="MuiAvatar-root MuiAvatar-circle MuiAvatar-colorDefault"
          >
            e
          </div>
        </div>
        <div
          className="MuiCardHeader-content"
        >
          <span
            className="MuiTypography-root MuiCardHeader-title MuiTypography-body2 MuiTypography-displayBlock"
          >
            Title
          </span>
          <span
            className="MuiTypography-root MuiCardHeader-subheader MuiTypography-body2 MuiTypography-colorTextSecondary MuiTypography-displayBlock"
          >
            Invalid Date
          </span>
        </div>
      </div>
    </div>
  </div>
</a>
`;
